[04:17:53] [main/INFO] (FabricLoader/GameProvider) Loading Minecraft 1.21.6 with Fabric Loader 0.16.13
[04:17:53] [main/INFO] (FabricLoader) Loading 4 mods:
	- fabricloader 0.16.13
	- java 21
	- minecraft 1.21.6
	- mixinextras 0.4.1
[04:17:53] [main/INFO] (FabricLoader/Mixin) SpongePowered MIXIN Subsystem Version=0.8.7 Source=file:/C:/Users/xiyu/.gradle/caches/modules-2/files-2.1/net.fabricmc/sponge-mixin/0.15.4+mixin.0.8.7/6a12aacc794f1078458433116e9ed42c1cc98096/sponge-mixin-0.15.4+mixin.0.8.7.jar Service=Knot/Fabric Env=CLIENT
[04:17:53] [main/INFO] (FabricLoader/Mixin) Loaded Fabric development mappings for mixin remapper!
[04:17:55] [Datafixer Bootstrap/INFO] (Minecraft) 269 Datafixer optimizations took 475 milliseconds
[04:18:00] [Render thread/INFO] (Minecraft) Environment: Environment[sessionHost=https://sessionserver.mojang.com, servicesHost=https://api.minecraftservices.com, name=PROD]
[04:18:00] [Render thread/INFO] (Minecraft) Setting user: Player115
[04:18:00] [Render thread/INFO] (Minecraft) Backend library: LWJGL version 3.3.3-snapshot
[04:18:00] [Render thread/INFO] (Minecraft) Using optional rendering extensions: GL_ARB_buffer_storage, GL_KHR_debug, GL_ARB_vertex_attrib_binding, GL_ARB_direct_state_access
[04:18:01] [Render thread/INFO] (Minecraft) Reloading ResourceManager: vanilla
[04:18:01] [Worker-Main-9/INFO] (Minecraft) Found unifont_all_no_pua-16.0.03.hex, loading
[04:18:01] [Worker-Main-10/INFO] (Minecraft) Found unifont_pua-16.0.03.hex, loading
[04:18:01] [Worker-Main-4/INFO] (Minecraft) Found unifont_jp_patch-16.0.03.hex, loading
[04:18:02] [Render thread/INFO] (Minecraft) OpenAL initialized on device OpenAL Soft on 头戴式耳机 (USB Audio Device)
[04:18:02] [Render thread/INFO] (Minecraft) Sound engine started
[04:18:02] [Render thread/INFO] (Minecraft) Created: 1024x512x4 minecraft:textures/atlas/blocks.png-atlas
[04:18:02] [Render thread/INFO] (Minecraft) Created: 256x256x4 minecraft:textures/atlas/signs.png-atlas
[04:18:02] [Render thread/INFO] (Minecraft) Created: 512x512x4 minecraft:textures/atlas/banner_patterns.png-atlas
[04:18:02] [Render thread/INFO] (Minecraft) Created: 512x512x4 minecraft:textures/atlas/shield_patterns.png-atlas
[04:18:02] [Render thread/INFO] (Minecraft) Created: 2048x1024x4 minecraft:textures/atlas/armor_trims.png-atlas
[04:18:02] [Render thread/INFO] (Minecraft) Created: 256x256x4 minecraft:textures/atlas/chest.png-atlas
[04:18:02] [Render thread/INFO] (Minecraft) Created: 128x64x4 minecraft:textures/atlas/decorated_pot.png-atlas
[04:18:02] [Render thread/INFO] (Minecraft) Created: 512x256x4 minecraft:textures/atlas/beds.png-atlas
[04:18:02] [Render thread/INFO] (Minecraft) Created: 512x256x4 minecraft:textures/atlas/shulker_boxes.png-atlas
[04:18:02] [Render thread/INFO] (Minecraft) Created: 64x64x0 minecraft:textures/atlas/map_decorations.png-atlas
[04:18:02] [Render thread/INFO] (Minecraft) Created: 512x256x0 minecraft:textures/atlas/particles.png-atlas
[04:18:02] [Render thread/INFO] (Minecraft) Created: 512x256x0 minecraft:textures/atlas/paintings.png-atlas
[04:18:02] [Render thread/INFO] (Minecraft) Created: 1024x512x0 minecraft:textures/atlas/gui.png-atlas
[04:18:50] [Render thread/INFO] (Minecraft) Stopping!
